// Jest Snapshot v1, https://goo.gl/fbAQLP

exports[`button render snapshot 1`] = `
<button
  color="red"
  id="counter"
  onClick={[Function]}
>
  Count: 
  0
</button>
`;
