// Jest Snapshot v1, https://goo.gl/fbAQLP

exports[`isPending:false render HomePage component 1`] = `
<div
  className="tc"
>
  <Header />
  <Searchbox />
  <Scroll>
    <ErrorBoundary>
      <Cardlist
        robots={Array []}
      />
    </ErrorBoundary>
  </Scroll>
</div>
`;
